../../Drivers/STM32H7xx_HAL_Driver/Inc/stm32h7xx_ll_usart.h:2939:26:uint32_t LL_USART_IsActiveFlag_PE(const USART_TypeDef*)	16	static
../../Drivers/STM32H7xx_HAL_Driver/Inc/stm32h7xx_ll_usart.h:2950:26:uint32_t LL_USART_IsActiveFlag_FE(const USART_TypeDef*)	16	static
../../Drivers/STM32H7xx_HAL_Driver/Inc/stm32h7xx_ll_usart.h:2961:26:uint32_t LL_USART_IsActiveFlag_NE(const USART_TypeDef*)	16	static
../../Drivers/STM32H7xx_HAL_Driver/Inc/stm32h7xx_ll_usart.h:2972:26:uint32_t LL_USART_IsActiveFlag_ORE(const USART_TypeDef*)	16	static
../../Drivers/STM32H7xx_HAL_Driver/Inc/stm32h7xx_ll_usart.h:2998:26:uint32_t LL_USART_IsActiveFlag_RXNE_RXFNE(const USART_TypeDef*)	16	static
../../Drivers/STM32H7xx_HAL_Driver/Inc/stm32h7xx_ll_usart.h:3009:26:uint32_t LL_USART_IsActiveFlag_TC(const USART_TypeDef*)	16	static
../../Drivers/STM32H7xx_HAL_Driver/Inc/stm32h7xx_ll_usart.h:3024:26:uint32_t LL_USART_IsActiveFlag_TXE_TXFNF(const USART_TypeDef*)	16	static
../../Drivers/STM32H7xx_HAL_Driver/Inc/stm32h7xx_ll_usart.h:3312:22:void LL_USART_ClearFlag_ORE(USART_TypeDef*)	16	static
../../Drivers/STM32H7xx_HAL_Driver/Inc/stm32h7xx_ll_usart.h:3479:22:void LL_USART_EnableIT_RXNE_RXFNE(USART_TypeDef*)	40	static,ignoring_inline_asm
../../Drivers/STM32H7xx_HAL_Driver/Inc/stm32h7xx_ll_usart.h:4252:25:uint8_t LL_USART_ReceiveData8(const USART_TypeDef*)	16	static
../../Drivers/STM32H7xx_HAL_Driver/Inc/stm32h7xx_ll_usart.h:4275:22:void LL_USART_TransmitData8(USART_TypeDef*, uint8_t)	16	static
../Cube++/Drivers/UARTDriver.cpp:23:6:bool UARTDriver::Transmit(uint8_t*, uint16_t)	32	static
../Cube++/Drivers/UARTDriver.cpp:44:6:bool UARTDriver::ReceiveIT(uint8_t*, UARTReceiverBase*)	24	static
../Cube++/Drivers/UARTDriver.cpp:67:6:bool UARTDriver::HandleAndClearRxError()	24	static
../Cube++/Drivers/UARTDriver.cpp:94:6:bool UARTDriver::GetRxErrors()	24	static
../Cube++/Drivers/UARTDriver.cpp:118:6:void UARTDriver::HandleIRQ_UART()	24	static
