../../Drivers/STM32H7xx_HAL_Driver/Inc/stm32h7xx_ll_rcc.h:1686:26:LL_RCC_HSE_IsReady	4	static
../../Drivers/STM32H7xx_HAL_Driver/Inc/stm32h7xx_ll_rcc.h:1724:26:LL_RCC_HSI_IsReady	4	static
../../Drivers/STM32H7xx_HAL_Driver/Inc/stm32h7xx_ll_rcc.h:1763:26:LL_RCC_HSI_GetDivider	4	static
../../Drivers/STM32H7xx_HAL_Driver/Inc/stm32h7xx_ll_rcc.h:1883:26:LL_RCC_CSI_IsReady	4	static
../../Drivers/STM32H7xx_HAL_Driver/Inc/stm32h7xx_ll_rcc.h:2016:26:LL_RCC_HSI48_IsReady	4	static
../../Drivers/STM32H7xx_HAL_Driver/Inc/stm32h7xx_ll_rcc.h:2344:26:LL_RCC_LSE_IsReady	4	static
../../Drivers/STM32H7xx_HAL_Driver/Inc/stm32h7xx_ll_rcc.h:2382:26:LL_RCC_LSI_IsReady	4	static
../../Drivers/STM32H7xx_HAL_Driver/Inc/stm32h7xx_ll_rcc.h:2419:26:LL_RCC_GetSysClkSource	4	static
../../Drivers/STM32H7xx_HAL_Driver/Inc/stm32h7xx_ll_rcc.h:2616:26:LL_RCC_GetSysPrescaler	4	static
../../Drivers/STM32H7xx_HAL_Driver/Inc/stm32h7xx_ll_rcc.h:2639:26:LL_RCC_GetAHBPrescaler	4	static
../../Drivers/STM32H7xx_HAL_Driver/Inc/stm32h7xx_ll_rcc.h:2658:26:LL_RCC_GetAPB1Prescaler	4	static
../../Drivers/STM32H7xx_HAL_Driver/Inc/stm32h7xx_ll_rcc.h:2677:26:LL_RCC_GetAPB2Prescaler	4	static
../../Drivers/STM32H7xx_HAL_Driver/Inc/stm32h7xx_ll_rcc.h:2696:26:LL_RCC_GetAPB3Prescaler	4	static
../../Drivers/STM32H7xx_HAL_Driver/Inc/stm32h7xx_ll_rcc.h:2715:26:LL_RCC_GetAPB4Prescaler	4	static
../../Drivers/STM32H7xx_HAL_Driver/Inc/stm32h7xx_ll_rcc.h:3466:26:LL_RCC_GetClockSource	24	static
../../Drivers/STM32H7xx_HAL_Driver/Inc/stm32h7xx_ll_rcc.h:3497:26:LL_RCC_GetUSARTClockSource	16	static
../../Drivers/STM32H7xx_HAL_Driver/Inc/stm32h7xx_ll_rcc.h:3515:26:LL_RCC_GetLPUARTClockSource	16	static
../../Drivers/STM32H7xx_HAL_Driver/Inc/stm32h7xx_ll_rcc.h:3542:26:LL_RCC_GetI2CClockSource	16	static
../../Drivers/STM32H7xx_HAL_Driver/Inc/stm32h7xx_ll_rcc.h:3577:26:LL_RCC_GetLPTIMClockSource	16	static
../../Drivers/STM32H7xx_HAL_Driver/Inc/stm32h7xx_ll_rcc.h:3631:26:LL_RCC_GetSAIClockSource	16	static
../../Drivers/STM32H7xx_HAL_Driver/Inc/stm32h7xx_ll_rcc.h:3645:26:LL_RCC_GetSDMMCClockSource	16	static
../../Drivers/STM32H7xx_HAL_Driver/Inc/stm32h7xx_ll_rcc.h:3666:26:LL_RCC_GetRNGClockSource	16	static
../../Drivers/STM32H7xx_HAL_Driver/Inc/stm32h7xx_ll_rcc.h:3687:26:LL_RCC_GetUSBClockSource	16	static
../../Drivers/STM32H7xx_HAL_Driver/Inc/stm32h7xx_ll_rcc.h:3707:26:LL_RCC_GetCECClockSource	16	static
../../Drivers/STM32H7xx_HAL_Driver/Inc/stm32h7xx_ll_rcc.h:3727:26:LL_RCC_GetDSIClockSource	16	static
../../Drivers/STM32H7xx_HAL_Driver/Inc/stm32h7xx_ll_rcc.h:3743:26:LL_RCC_GetDFSDMClockSource	16	static
../../Drivers/STM32H7xx_HAL_Driver/Inc/stm32h7xx_ll_rcc.h:3781:26:LL_RCC_GetFMCClockSource	16	static
../../Drivers/STM32H7xx_HAL_Driver/Inc/stm32h7xx_ll_rcc.h:3803:26:LL_RCC_GetQSPIClockSource	16	static
../../Drivers/STM32H7xx_HAL_Driver/Inc/stm32h7xx_ll_rcc.h:3843:26:LL_RCC_GetCLKPClockSource	16	static
../../Drivers/STM32H7xx_HAL_Driver/Inc/stm32h7xx_ll_rcc.h:3884:26:LL_RCC_GetSPIClockSource	16	static
../../Drivers/STM32H7xx_HAL_Driver/Inc/stm32h7xx_ll_rcc.h:3900:26:LL_RCC_GetSPDIFClockSource	16	static
../../Drivers/STM32H7xx_HAL_Driver/Inc/stm32h7xx_ll_rcc.h:3920:26:LL_RCC_GetFDCANClockSource	16	static
../../Drivers/STM32H7xx_HAL_Driver/Inc/stm32h7xx_ll_rcc.h:3939:26:LL_RCC_GetSWPClockSource	16	static
../../Drivers/STM32H7xx_HAL_Driver/Inc/stm32h7xx_ll_rcc.h:3959:26:LL_RCC_GetADCClockSource	16	static
../../Drivers/STM32H7xx_HAL_Driver/Inc/stm32h7xx_ll_rcc.h:4312:26:LL_RCC_PLL_GetSource	4	static
../../Drivers/STM32H7xx_HAL_Driver/Inc/stm32h7xx_ll_rcc.h:4343:26:LL_RCC_PLL1_IsReady	4	static
../../Drivers/STM32H7xx_HAL_Driver/Inc/stm32h7xx_ll_rcc.h:4396:26:LL_RCC_PLL1P_IsEnabled	4	static
../../Drivers/STM32H7xx_HAL_Driver/Inc/stm32h7xx_ll_rcc.h:4406:26:LL_RCC_PLL1Q_IsEnabled	4	static
../../Drivers/STM32H7xx_HAL_Driver/Inc/stm32h7xx_ll_rcc.h:4416:26:LL_RCC_PLL1R_IsEnabled	4	static
../../Drivers/STM32H7xx_HAL_Driver/Inc/stm32h7xx_ll_rcc.h:4426:26:LL_RCC_PLL1FRACN_IsEnabled	4	static
../../Drivers/STM32H7xx_HAL_Driver/Inc/stm32h7xx_ll_rcc.h:4509:26:LL_RCC_PLL1_GetN	4	static
../../Drivers/STM32H7xx_HAL_Driver/Inc/stm32h7xx_ll_rcc.h:4519:26:LL_RCC_PLL1_GetM	4	static
../../Drivers/STM32H7xx_HAL_Driver/Inc/stm32h7xx_ll_rcc.h:4529:26:LL_RCC_PLL1_GetP	4	static
../../Drivers/STM32H7xx_HAL_Driver/Inc/stm32h7xx_ll_rcc.h:4539:26:LL_RCC_PLL1_GetQ	4	static
../../Drivers/STM32H7xx_HAL_Driver/Inc/stm32h7xx_ll_rcc.h:4549:26:LL_RCC_PLL1_GetR	4	static
../../Drivers/STM32H7xx_HAL_Driver/Inc/stm32h7xx_ll_rcc.h:4559:26:LL_RCC_PLL1_GetFRACN	4	static
../../Drivers/STM32H7xx_HAL_Driver/Inc/stm32h7xx_ll_rcc.h:4657:26:LL_RCC_PLL2_IsReady	4	static
../../Drivers/STM32H7xx_HAL_Driver/Inc/stm32h7xx_ll_rcc.h:4710:26:LL_RCC_PLL2P_IsEnabled	4	static
../../Drivers/STM32H7xx_HAL_Driver/Inc/stm32h7xx_ll_rcc.h:4720:26:LL_RCC_PLL2Q_IsEnabled	4	static
../../Drivers/STM32H7xx_HAL_Driver/Inc/stm32h7xx_ll_rcc.h:4730:26:LL_RCC_PLL2R_IsEnabled	4	static
../../Drivers/STM32H7xx_HAL_Driver/Inc/stm32h7xx_ll_rcc.h:4740:26:LL_RCC_PLL2FRACN_IsEnabled	4	static
../../Drivers/STM32H7xx_HAL_Driver/Inc/stm32h7xx_ll_rcc.h:4823:26:LL_RCC_PLL2_GetN	4	static
../../Drivers/STM32H7xx_HAL_Driver/Inc/stm32h7xx_ll_rcc.h:4833:26:LL_RCC_PLL2_GetM	4	static
../../Drivers/STM32H7xx_HAL_Driver/Inc/stm32h7xx_ll_rcc.h:4843:26:LL_RCC_PLL2_GetP	4	static
../../Drivers/STM32H7xx_HAL_Driver/Inc/stm32h7xx_ll_rcc.h:4853:26:LL_RCC_PLL2_GetQ	4	static
../../Drivers/STM32H7xx_HAL_Driver/Inc/stm32h7xx_ll_rcc.h:4863:26:LL_RCC_PLL2_GetR	4	static
../../Drivers/STM32H7xx_HAL_Driver/Inc/stm32h7xx_ll_rcc.h:4873:26:LL_RCC_PLL2_GetFRACN	4	static
../../Drivers/STM32H7xx_HAL_Driver/Inc/stm32h7xx_ll_rcc.h:4969:26:LL_RCC_PLL3_IsReady	4	static
../../Drivers/STM32H7xx_HAL_Driver/Inc/stm32h7xx_ll_rcc.h:5022:26:LL_RCC_PLL3P_IsEnabled	4	static
../../Drivers/STM32H7xx_HAL_Driver/Inc/stm32h7xx_ll_rcc.h:5032:26:LL_RCC_PLL3Q_IsEnabled	4	static
../../Drivers/STM32H7xx_HAL_Driver/Inc/stm32h7xx_ll_rcc.h:5042:26:LL_RCC_PLL3R_IsEnabled	4	static
../../Drivers/STM32H7xx_HAL_Driver/Inc/stm32h7xx_ll_rcc.h:5052:26:LL_RCC_PLL3FRACN_IsEnabled	4	static
../../Drivers/STM32H7xx_HAL_Driver/Inc/stm32h7xx_ll_rcc.h:5135:26:LL_RCC_PLL3_GetN	4	static
../../Drivers/STM32H7xx_HAL_Driver/Inc/stm32h7xx_ll_rcc.h:5145:26:LL_RCC_PLL3_GetM	4	static
../../Drivers/STM32H7xx_HAL_Driver/Inc/stm32h7xx_ll_rcc.h:5155:26:LL_RCC_PLL3_GetP	4	static
../../Drivers/STM32H7xx_HAL_Driver/Inc/stm32h7xx_ll_rcc.h:5165:26:LL_RCC_PLL3_GetQ	4	static
../../Drivers/STM32H7xx_HAL_Driver/Inc/stm32h7xx_ll_rcc.h:5175:26:LL_RCC_PLL3_GetR	4	static
../../Drivers/STM32H7xx_HAL_Driver/Inc/stm32h7xx_ll_rcc.h:5185:26:LL_RCC_PLL3_GetFRACN	4	static
/Users/cjchan/Desktop/SOAR/Payload/OsirisPayload/Drivers/STM32H7xx_HAL_Driver/Src/stm32h7xx_ll_rcc.c:125:6:LL_RCC_DeInit	8	static
/Users/cjchan/Desktop/SOAR/Payload/OsirisPayload/Drivers/STM32H7xx_HAL_Driver/Src/stm32h7xx_ll_rcc.c:265:6:LL_RCC_GetSystemClocksFreq	16	static
/Users/cjchan/Desktop/SOAR/Payload/OsirisPayload/Drivers/STM32H7xx_HAL_Driver/Src/stm32h7xx_ll_rcc.c:291:6:LL_RCC_GetPLL1ClockFreq	48	static
/Users/cjchan/Desktop/SOAR/Payload/OsirisPayload/Drivers/STM32H7xx_HAL_Driver/Src/stm32h7xx_ll_rcc.c:365:6:LL_RCC_GetPLL2ClockFreq	48	static
/Users/cjchan/Desktop/SOAR/Payload/OsirisPayload/Drivers/STM32H7xx_HAL_Driver/Src/stm32h7xx_ll_rcc.c:439:6:LL_RCC_GetPLL3ClockFreq	48	static
/Users/cjchan/Desktop/SOAR/Payload/OsirisPayload/Drivers/STM32H7xx_HAL_Driver/Src/stm32h7xx_ll_rcc.c:520:10:LL_RCC_CalcPLLClockFreq	32	static
/Users/cjchan/Desktop/SOAR/Payload/OsirisPayload/Drivers/STM32H7xx_HAL_Driver/Src/stm32h7xx_ll_rcc.c:539:10:LL_RCC_GetUSARTClockFreq	40	static
/Users/cjchan/Desktop/SOAR/Payload/OsirisPayload/Drivers/STM32H7xx_HAL_Driver/Src/stm32h7xx_ll_rcc.c:614:10:LL_RCC_GetLPUARTClockFreq	40	static
/Users/cjchan/Desktop/SOAR/Payload/OsirisPayload/Drivers/STM32H7xx_HAL_Driver/Src/stm32h7xx_ll_rcc.c:678:10:LL_RCC_GetI2CClockFreq	40	static
/Users/cjchan/Desktop/SOAR/Payload/OsirisPayload/Drivers/STM32H7xx_HAL_Driver/Src/stm32h7xx_ll_rcc.c:738:10:LL_RCC_GetLPTIMClockFreq	40	static
/Users/cjchan/Desktop/SOAR/Payload/OsirisPayload/Drivers/STM32H7xx_HAL_Driver/Src/stm32h7xx_ll_rcc.c:823:10:LL_RCC_GetSAIClockFreq	32	static
/Users/cjchan/Desktop/SOAR/Payload/OsirisPayload/Drivers/STM32H7xx_HAL_Driver/Src/stm32h7xx_ll_rcc.c:935:10:LL_RCC_GetADCClockFreq	32	static
/Users/cjchan/Desktop/SOAR/Payload/OsirisPayload/Drivers/STM32H7xx_HAL_Driver/Src/stm32h7xx_ll_rcc.c:977:10:LL_RCC_GetSDMMCClockFreq	32	static
/Users/cjchan/Desktop/SOAR/Payload/OsirisPayload/Drivers/STM32H7xx_HAL_Driver/Src/stm32h7xx_ll_rcc.c:1015:10:LL_RCC_GetRNGClockFreq	32	static
/Users/cjchan/Desktop/SOAR/Payload/OsirisPayload/Drivers/STM32H7xx_HAL_Driver/Src/stm32h7xx_ll_rcc.c:1066:10:LL_RCC_GetCECClockFreq	24	static
/Users/cjchan/Desktop/SOAR/Payload/OsirisPayload/Drivers/STM32H7xx_HAL_Driver/Src/stm32h7xx_ll_rcc.c:1108:10:LL_RCC_GetUSBClockFreq	32	static
/Users/cjchan/Desktop/SOAR/Payload/OsirisPayload/Drivers/STM32H7xx_HAL_Driver/Src/stm32h7xx_ll_rcc.c:1154:10:LL_RCC_GetDFSDMClockFreq	32	static
/Users/cjchan/Desktop/SOAR/Payload/OsirisPayload/Drivers/STM32H7xx_HAL_Driver/Src/stm32h7xx_ll_rcc.c:1218:10:LL_RCC_GetDSIClockFreq	32	static
/Users/cjchan/Desktop/SOAR/Payload/OsirisPayload/Drivers/STM32H7xx_HAL_Driver/Src/stm32h7xx_ll_rcc.c:1253:10:LL_RCC_GetSPDIFClockFreq	32	static
/Users/cjchan/Desktop/SOAR/Payload/OsirisPayload/Drivers/STM32H7xx_HAL_Driver/Src/stm32h7xx_ll_rcc.c:1308:10:LL_RCC_GetSPIClockFreq	40	static
/Users/cjchan/Desktop/SOAR/Payload/OsirisPayload/Drivers/STM32H7xx_HAL_Driver/Src/stm32h7xx_ll_rcc.c:1418:10:LL_RCC_GetSWPClockFreq	32	static
/Users/cjchan/Desktop/SOAR/Payload/OsirisPayload/Drivers/STM32H7xx_HAL_Driver/Src/stm32h7xx_ll_rcc.c:1450:10:LL_RCC_GetFDCANClockFreq	32	static
/Users/cjchan/Desktop/SOAR/Payload/OsirisPayload/Drivers/STM32H7xx_HAL_Driver/Src/stm32h7xx_ll_rcc.c:1495:10:LL_RCC_GetFMCClockFreq	40	static
/Users/cjchan/Desktop/SOAR/Payload/OsirisPayload/Drivers/STM32H7xx_HAL_Driver/Src/stm32h7xx_ll_rcc.c:1542:10:LL_RCC_GetQSPIClockFreq	40	static
/Users/cjchan/Desktop/SOAR/Payload/OsirisPayload/Drivers/STM32H7xx_HAL_Driver/Src/stm32h7xx_ll_rcc.c:1638:10:LL_RCC_GetCLKPClockFreq	24	static
/Users/cjchan/Desktop/SOAR/Payload/OsirisPayload/Drivers/STM32H7xx_HAL_Driver/Src/stm32h7xx_ll_rcc.c:1689:17:RCC_GetSystemClockFreq	24	static
/Users/cjchan/Desktop/SOAR/Payload/OsirisPayload/Drivers/STM32H7xx_HAL_Driver/Src/stm32h7xx_ll_rcc.c:1728:17:RCC_GetHCLKClockFreq	16	static
/Users/cjchan/Desktop/SOAR/Payload/OsirisPayload/Drivers/STM32H7xx_HAL_Driver/Src/stm32h7xx_ll_rcc.c:1739:17:RCC_GetPCLK1ClockFreq	16	static
/Users/cjchan/Desktop/SOAR/Payload/OsirisPayload/Drivers/STM32H7xx_HAL_Driver/Src/stm32h7xx_ll_rcc.c:1750:17:RCC_GetPCLK2ClockFreq	16	static
/Users/cjchan/Desktop/SOAR/Payload/OsirisPayload/Drivers/STM32H7xx_HAL_Driver/Src/stm32h7xx_ll_rcc.c:1761:17:RCC_GetPCLK3ClockFreq	16	static
/Users/cjchan/Desktop/SOAR/Payload/OsirisPayload/Drivers/STM32H7xx_HAL_Driver/Src/stm32h7xx_ll_rcc.c:1772:17:RCC_GetPCLK4ClockFreq	16	static
