../../Drivers/STM32H7xx_HAL_Driver/Inc/stm32h7xx_ll_usart.h:635:22:LL_USART_Enable	16	static
../../Drivers/STM32H7xx_HAL_Driver/Inc/stm32h7xx_ll_usart.h:686:22:LL_USART_DisableFIFO	16	static
../../Drivers/STM32H7xx_HAL_Driver/Inc/stm32h7xx_ll_usart.h:719:22:LL_USART_SetTXFIFOThreshold	40	static,ignoring_inline_asm
../../Drivers/STM32H7xx_HAL_Driver/Inc/stm32h7xx_ll_usart.h:758:22:LL_USART_SetRXFIFOThreshold	40	static,ignoring_inline_asm
../../Drivers/STM32H7xx_HAL_Driver/Inc/stm32h7xx_ll_usart.h:2674:22:LL_USART_ConfigAsyncMode	16	static
../../Drivers/STM32H7xx_HAL_Driver/Inc/stm32h7xx_ll_usart.h:3194:26:LL_USART_IsActiveFlag_TEACK	16	static
../../Drivers/STM32H7xx_HAL_Driver/Inc/stm32h7xx_ll_usart.h:3205:26:LL_USART_IsActiveFlag_REACK	16	static
../../Drivers/STM32H7xx_HAL_Driver/Inc/stm32h7xx_ll_bus.h:1384:22:LL_AHB4_GRP1_EnableClock	24	static
../../Drivers/STM32H7xx_HAL_Driver/Inc/stm32h7xx_ll_bus.h:1862:22:LL_APB1_GRP1_EnableClock	24	static
../Core/Src/main.c:109:5:main	56	static
../Core/Src/main.c:229:6:SystemClock_Config	120	static
../Core/Src/main.c:289:13:MX_I2C1_Init	8	static
../Core/Src/main.c:337:13:MX_I2C2_Init	8	static
../Core/Src/main.c:385:13:MX_I2C3_Init	8	static
../Core/Src/main.c:433:13:MX_LPUART1_UART_Init	8	static
../Core/Src/main.c:481:13:MX_UART4_Init	8	static
../Core/Src/main.c:529:13:MX_UART5_Init	8	static
../Core/Src/main.c:577:13:MX_UART7_Init	8	static
../Core/Src/main.c:625:13:MX_UART8_Init	264	static
../Core/Src/main.c:700:13:MX_USART2_UART_Init	8	static
../Core/Src/main.c:748:13:MX_USART3_UART_Init	8	static
../Core/Src/main.c:796:13:MX_USART6_UART_Init	8	static
../Core/Src/main.c:844:13:MX_QUADSPI_Init	8	static
../Core/Src/main.c:879:13:MX_SPI1_Init	8	static
../Core/Src/main.c:927:13:MX_SPI2_Init	8	static
../Core/Src/main.c:975:13:MX_SPI4_Init	8	static
../Core/Src/main.c:1023:13:MX_SPI5_Init	8	static
../Core/Src/main.c:1071:13:MX_SPI6_Init	8	static
../Core/Src/main.c:1119:13:MX_GPIO_Init	40	static
../Core/Src/main.c:1148:6:StartDefaultTask	16	static
../Core/Src/main.c:1167:6:HAL_TIM_PeriodElapsedCallback	16	static
../Core/Src/main.c:1184:6:Error_Handler	4	static,ignoring_inline_asm
