../../Drivers/CMSIS/Include/core_cm7.h:1890:26:__NVIC_GetPriorityGrouping	1
../../Drivers/CMSIS/Include/core_cm7.h:1902:22:__NVIC_EnableIRQ	2
../../Drivers/CMSIS/Include/core_cm7.h:2032:22:__NVIC_SetPriority	2
../../Drivers/CMSIS/Include/core_cm7.h:2079:26:NVIC_EncodePriority	2
../../Drivers/STM32H7xx_HAL_Driver/Inc/stm32h7xx_ll_usart.h:635:22:LL_USART_Enable	1
../../Drivers/STM32H7xx_HAL_Driver/Inc/stm32h7xx_ll_usart.h:686:22:LL_USART_DisableFIFO	1
../../Drivers/STM32H7xx_HAL_Driver/Inc/stm32h7xx_ll_usart.h:719:22:LL_USART_SetTXFIFOThreshold	2
../../Drivers/STM32H7xx_HAL_Driver/Inc/stm32h7xx_ll_usart.h:758:22:LL_USART_SetRXFIFOThreshold	2
../../Drivers/STM32H7xx_HAL_Driver/Inc/stm32h7xx_ll_usart.h:2674:22:LL_USART_ConfigAsyncMode	1
../../Drivers/STM32H7xx_HAL_Driver/Inc/stm32h7xx_ll_usart.h:3194:26:LL_USART_IsActiveFlag_TEACK	2
../../Drivers/STM32H7xx_HAL_Driver/Inc/stm32h7xx_ll_usart.h:3205:26:LL_USART_IsActiveFlag_REACK	2
../../Drivers/STM32H7xx_HAL_Driver/Inc/stm32h7xx_ll_bus.h:1384:22:LL_AHB4_GRP1_EnableClock	1
../../Drivers/STM32H7xx_HAL_Driver/Inc/stm32h7xx_ll_bus.h:1862:22:LL_APB1_GRP1_EnableClock	1
../Core/Src/main.c:111:5:main	7
../Core/Src/main.c:234:6:SystemClock_Config	4
../Core/Src/main.c:294:13:MX_CRC_Init	2
../Core/Src/main.c:325:13:MX_I2C1_Init	4
../Core/Src/main.c:373:13:MX_I2C2_Init	4
../Core/Src/main.c:421:13:MX_I2C3_Init	4
../Core/Src/main.c:469:13:MX_LPUART1_UART_Init	5
../Core/Src/main.c:517:13:MX_UART4_Init	5
../Core/Src/main.c:565:13:MX_UART5_Init	5
../Core/Src/main.c:613:13:MX_UART7_Init	5
../Core/Src/main.c:661:13:MX_UART8_Init	4
../Core/Src/main.c:740:13:MX_USART2_UART_Init	5
../Core/Src/main.c:788:13:MX_USART3_UART_Init	5
../Core/Src/main.c:836:13:MX_USART6_UART_Init	5
../Core/Src/main.c:884:13:MX_QUADSPI_Init	2
../Core/Src/main.c:919:13:MX_SPI1_Init	2
../Core/Src/main.c:967:13:MX_SPI2_Init	2
../Core/Src/main.c:1015:13:MX_SPI4_Init	2
../Core/Src/main.c:1063:13:MX_SPI5_Init	2
../Core/Src/main.c:1111:13:MX_SPI6_Init	2
../Core/Src/main.c:1159:13:MX_GPIO_Init	1
../Core/Src/main.c:1188:6:StartDefaultTask	1
../Core/Src/main.c:1207:6:HAL_TIM_PeriodElapsedCallback	2
../Core/Src/main.c:1224:6:Error_Handler	1
