../../Drivers/STM32H7xx_HAL_Driver/Inc/stm32h7xx_ll_usart.h:635:22:LL_USART_Enable	1
../../Drivers/STM32H7xx_HAL_Driver/Inc/stm32h7xx_ll_usart.h:686:22:LL_USART_DisableFIFO	1
../../Drivers/STM32H7xx_HAL_Driver/Inc/stm32h7xx_ll_usart.h:719:22:LL_USART_SetTXFIFOThreshold	2
../../Drivers/STM32H7xx_HAL_Driver/Inc/stm32h7xx_ll_usart.h:758:22:LL_USART_SetRXFIFOThreshold	2
../../Drivers/STM32H7xx_HAL_Driver/Inc/stm32h7xx_ll_usart.h:2674:22:LL_USART_ConfigAsyncMode	1
../../Drivers/STM32H7xx_HAL_Driver/Inc/stm32h7xx_ll_usart.h:3194:26:LL_USART_IsActiveFlag_TEACK	2
../../Drivers/STM32H7xx_HAL_Driver/Inc/stm32h7xx_ll_usart.h:3205:26:LL_USART_IsActiveFlag_REACK	2
../../Drivers/STM32H7xx_HAL_Driver/Inc/stm32h7xx_ll_bus.h:1384:22:LL_AHB4_GRP1_EnableClock	1
../../Drivers/STM32H7xx_HAL_Driver/Inc/stm32h7xx_ll_bus.h:1862:22:LL_APB1_GRP1_EnableClock	1
../Core/Src/main.c:109:5:main	7
../Core/Src/main.c:229:6:SystemClock_Config	4
../Core/Src/main.c:289:13:MX_I2C1_Init	4
../Core/Src/main.c:337:13:MX_I2C2_Init	4
../Core/Src/main.c:385:13:MX_I2C3_Init	4
../Core/Src/main.c:433:13:MX_LPUART1_UART_Init	5
../Core/Src/main.c:481:13:MX_UART4_Init	5
../Core/Src/main.c:529:13:MX_UART5_Init	5
../Core/Src/main.c:577:13:MX_UART7_Init	5
../Core/Src/main.c:625:13:MX_UART8_Init	4
../Core/Src/main.c:700:13:MX_USART2_UART_Init	5
../Core/Src/main.c:748:13:MX_USART3_UART_Init	5
../Core/Src/main.c:796:13:MX_USART6_UART_Init	5
../Core/Src/main.c:844:13:MX_QUADSPI_Init	2
../Core/Src/main.c:879:13:MX_SPI1_Init	2
../Core/Src/main.c:927:13:MX_SPI2_Init	2
../Core/Src/main.c:975:13:MX_SPI4_Init	2
../Core/Src/main.c:1023:13:MX_SPI5_Init	2
../Core/Src/main.c:1071:13:MX_SPI6_Init	2
../Core/Src/main.c:1119:13:MX_GPIO_Init	1
../Core/Src/main.c:1148:6:StartDefaultTask	1
../Core/Src/main.c:1167:6:HAL_TIM_PeriodElapsedCallback	2
../Core/Src/main.c:1184:6:Error_Handler	1
