C:\ST\STM32CubeIDE_1.10.1\STM32CubeIDE\plugins\com.st.stm32cube.ide.mcu.externaltools.gnu-tools-for-stm32.12.3.rel1.win32_1.0.100.202403111256\tools\arm-none-eabi\include\c++\12.3.1\arm-none-eabi\thumb\v7e-m+dp\hard\bits\c++config.h:516:3:constexpr bool std::__is_constant_evaluated()	4	static
C:\ST\STM32CubeIDE_1.10.1\STM32CubeIDE\plugins\com.st.stm32cube.ide.mcu.externaltools.gnu-tools-for-stm32.12.3.rel1.win32_1.0.100.202403111256\tools\arm-none-eabi\include\c++\12.3.1\bits\atomic_base.h:104:3:constexpr std::memory_order std::operator&(memory_order, __memory_order_modifier)	16	static
C:/Users/shiva/Documents/SOAR2/Payload/OsirisPayload/CM7/Cube++/CubeDefines.hpp:65:17:uint8_t* cube_malloc(uint32_t)	24	static
C:/Users/shiva/Documents/SOAR2/Payload/OsirisPayload/CM7/Cube++/CubeDefines.hpp:79:13:void cube_free(void*)	16	static
../Cube++/Core/Command.cpp:28:1:Command::Command()	16	static
../Cube++/Core/Command.cpp:41:1:Command::Command(GLOBAL_COMMANDS)	16	static
../Cube++/Core/Command.cpp:54:1:Command::Command(uint16_t)	16	static
../Cube++/Core/Command.cpp:68:1:Command::Command(GLOBAL_COMMANDS, uint16_t)	16	static
../Cube++/Core/Command.cpp:90:10:uint8_t* Command::AllocateData(uint16_t)	16	static
../Cube++/Core/Command.cpp:115:6:bool Command::SetCommandToStaticExternalBuffer(uint8_t*, uint16_t)	24	static
../Cube++/Core/Command.cpp:130:6:bool Command::CopyDataToCommand(uint8_t*, uint16_t)	24	static
../Cube++/Core/Command.cpp:145:6:void Command::Reset()	16	static
../Cube++/Core/Command.cpp:159:10:uint16_t Command::GetDataSize() const	16	static
C:\ST\STM32CubeIDE_1.10.1\STM32CubeIDE\plugins\com.st.stm32cube.ide.mcu.externaltools.gnu-tools-for-stm32.12.3.rel1.win32_1.0.100.202403111256\tools\arm-none-eabi\include\c++\12.3.1\bits\atomic_base.h:400:7:std::__atomic_base<_IntTp>::__int_type std::__atomic_base<_IntTp>::operator+=(__int_type) [with _ITp = short unsigned int]	16	static
C:\ST\STM32CubeIDE_1.10.1\STM32CubeIDE\plugins\com.st.stm32cube.ide.mcu.externaltools.gnu-tools-for-stm32.12.3.rel1.win32_1.0.100.202403111256\tools\arm-none-eabi\include\c++\12.3.1\bits\atomic_base.h:347:7:std::__atomic_base<_IntTp>::operator __int_type() const [with _ITp = short unsigned int]	24	static
C:\ST\STM32CubeIDE_1.10.1\STM32CubeIDE\plugins\com.st.stm32cube.ide.mcu.externaltools.gnu-tools-for-stm32.12.3.rel1.win32_1.0.100.202403111256\tools\arm-none-eabi\include\c++\12.3.1\bits\atomic_base.h:408:7:std::__atomic_base<_IntTp>::__int_type std::__atomic_base<_IntTp>::operator-=(__int_type) [with _ITp = short unsigned int]	16	static
