../Cube++/Core/Timer.cpp:19:1:Timer::Timer()	24	static
../Cube++/Core/Timer.cpp:36:1:Timer::Timer(void (*)(TimerHandle_t))	24	static
../Cube++/Core/Timer.cpp:47:1:Timer::~Timer()	24	static
../Cube++/Core/Timer.cpp:62:6:static void Timer::DefaultCallback(TimerHandle_t)	24	static
../Cube++/Core/Timer.cpp:71:6:bool Timer::ChangePeriodMs(uint32_t)	24	static
../Cube++/Core/Timer.cpp:87:6:bool Timer::ChangePeriodMsAndStart(uint32_t)	24	static
../Cube++/Core/Timer.cpp:101:6:bool Timer::Start()	32	static
../Cube++/Core/Timer.cpp:124:6:bool Timer::Stop()	24	static
../Cube++/Core/Timer.cpp:142:6:bool Timer::ResetTimer()	16	static
../Cube++/Core/Timer.cpp:158:6:bool Timer::ResetTimerAndStart()	16	static
../Cube++/Core/Timer.cpp:174:18:const TimerState Timer::GetState()	16	static
../Cube++/Core/Timer.cpp:182:16:const uint32_t Timer::GetPeriodMs()	16	static
../Cube++/Core/Timer.cpp:190:16:const uint32_t Timer::GetRemainingTimeMs()	16	static
../Cube++/Core/Timer.cpp:211:16:const uint32_t Timer::GetRTOSTimeRemaining()	24	static
../Cube++/Core/Timer.cpp:221:6:void Timer::SetAutoReload(bool)	16	static
../Cube++/Core/Timer.cpp:238:12:const bool Timer::GetIfAutoReload()	16	static
